host: Ubuntu 24.04.4 LTS, kernel 6.8.0-134-generic, 4 CPUs, node v24.21.0, pnpm 12.7.0, runs 7
run=1 mode=bwrap workload=A clone=0.495641 install=0.466696 test=1.98727 passing=1238
run=1 mode=fuse workload=A clone=0.578351 install=0.735007 test=2.53201 passing=1238
run=1 mode=fuse-cache workload=A clone=0.516448 install=0.771948 test=3.37527 passing=1238
run=1 mode=fuse-tuned workload=A clone=0.786855 install=0.854721 test=3.9491 passing=1238
run=1 mode=bindfs workload=A clone=1.65121 install=0.992834 test=3.79696 passing=1238
run=1 mode=native workload=A clone=0.661159 install=0.184225 test=3.53792 passing=1238
run=1 mode=bwrap workload=B status=0.00984979 readall=0.155169 test=4.41815 passing=1238
run=1 mode=fuse workload=B status=0.0251081 readall=3.58943 test=6.36813 passing=1238
run=1 mode=fuse-cache workload=B status=0.04194 readall=3.59693 test=6.67974 passing=1238
run=1 mode=fuse-tuned workload=B status=0.150155 readall=4.18077 test=3.91677 passing=1238
run=1 mode=bindfs workload=B status=0.0728133 readall=2.42973 test=2.86563 passing=1238
run=1 mode=native workload=B status=0.00639701 readall=0.0677309 test=1.93823 passing=1238
run=2 mode=fuse workload=A clone=0.568006 install=0.743731 test=2.25878 passing=1238
run=2 mode=fuse-cache workload=A clone=0.543107 install=0.7917 test=2.72574 passing=1238
run=2 mode=fuse-tuned workload=A clone=0.689131 install=0.653461 test=2.2761 passing=1238
run=2 mode=bindfs workload=A clone=0.770576 install=0.498 test=4.0099 passing=1238
run=2 mode=native workload=A clone=0.59911 install=0.156565 test=3.64281 passing=1238
run=2 mode=bwrap workload=A clone=0.630314 install=0.206702 test=5.60063 passing=1238
run=2 mode=fuse workload=B status=0.030689 readall=3.3425 test=5.82584 passing=1238
run=2 mode=fuse-cache workload=B status=0.03141 readall=3.22234 test=5.13302 passing=1238
run=2 mode=fuse-tuned workload=B status=0.123761 readall=3.86801 test=3.61658 passing=1238
run=2 mode=bindfs workload=B status=0.0773196 readall=2.64094 test=3.6318 passing=1238
run=2 mode=native workload=B status=0.00767636 readall=0.0965517 test=2.60933 passing=1238
run=2 mode=bwrap workload=B status=0.00644612 readall=0.0940731 test=1.90214 passing=1238
run=3 mode=fuse-cache workload=A clone=0.543845 install=0.69436 test=2.22969 passing=1238
run=3 mode=fuse-tuned workload=A clone=0.58601 install=0.632505 test=2.48987 passing=1238
run=3 mode=bindfs workload=A clone=0.805933 install=0.537889 test=2.89663 passing=1238
run=3 mode=native workload=A clone=0.424005 install=0.107993 test=4.08049 passing=1238
run=3 mode=bwrap workload=A clone=0.423914 install=0.122786 test=2.51943 passing=1238
run=3 mode=fuse workload=A clone=0.576074 install=0.791587 test=2.84132 passing=1238
run=3 mode=fuse-cache workload=B status=0.0210056 readall=1.76709 test=2.47253 passing=1238
run=3 mode=fuse-tuned workload=B status=0.0409563 readall=2.12174 test=2.69507 passing=1238
run=3 mode=bindfs workload=B status=0.0292704 readall=1.42131 test=2.32614 passing=1238
run=3 mode=native workload=B status=0.00530195 readall=0.0648324 test=2.48332 passing=1238
run=3 mode=bwrap workload=B status=0.00613546 readall=0.0919838 test=1.85589 passing=1238
run=3 mode=fuse workload=B status=0.0429401 readall=1.87464 test=2.2014 passing=1238
run=4 mode=fuse-tuned workload=A clone=0.61374 install=0.585572 test=2.888 passing=1238
run=4 mode=bindfs workload=A clone=1.05239 install=0.567175 test=2.24488 passing=1238
run=4 mode=native workload=A clone=0.566442 install=0.120325 test=1.85746 passing=1238
run=4 mode=bwrap workload=A clone=2.77136 install=1.1348 test=2.31929 passing=1238
run=4 mode=fuse workload=A clone=2.67727 install=1.08253 test=2.86817 passing=1238
run=4 mode=fuse-cache workload=A clone=4.27901 install=2.08017 test=2.50052 passing=1238
run=4 mode=fuse-tuned workload=B status=0.100462 readall=2.78695 test=2.32194 passing=1238
run=4 mode=bindfs workload=B status=0.0160575 readall=1.58429 test=2.61806 passing=1238
run=4 mode=native workload=B status=0.00660324 readall=0.0584447 test=1.77585 passing=1238
run=4 mode=bwrap workload=B status=0.00633216 readall=0.0960388 test=1.82906 passing=1238
run=4 mode=fuse workload=B status=0.0318642 readall=2.04402 test=2.16834 passing=1238
run=4 mode=fuse-cache workload=B status=0.0210927 readall=1.76401 test=2.06297 passing=1238
run=5 mode=bindfs workload=A clone=0.860798 install=0.483483 test=2.23476 passing=1238
run=5 mode=native workload=A clone=0.423345 install=0.101542 test=2.39094 passing=1238
run=5 mode=bwrap workload=A clone=0.418258 install=0.309888 test=2.46692 passing=1238
run=5 mode=fuse workload=A clone=0.52459 install=0.680647 test=2.64228 passing=1238
run=5 mode=fuse-cache workload=A clone=0.510671 install=0.670411 test=2.96028 passing=1238
run=5 mode=fuse-tuned workload=A clone=0.559426 install=0.663142 test=2.81648 passing=1238
run=5 mode=bindfs workload=B status=0.0293434 readall=1.43848 test=2.15584 passing=1238
run=5 mode=native workload=B status=0.00592637 readall=0.0636203 test=2.61043 passing=1238
run=5 mode=bwrap workload=B status=0.0067811 readall=0.101497 test=2.09492 passing=1238
run=5 mode=fuse workload=B status=0.0370944 readall=1.76631 test=2.71309 passing=1238
run=5 mode=fuse-cache workload=B status=0.0396385 readall=1.77632 test=3.45829 passing=1238
run=5 mode=fuse-tuned workload=B status=0.0420713 readall=1.97685 test=2.10017 passing=1238
run=6 mode=native workload=A clone=0.414053 install=0.105868 test=2.51772 passing=1238
run=6 mode=bwrap workload=A clone=0.415033 install=0.126927 test=1.78543 passing=1238
run=6 mode=fuse workload=A clone=0.546331 install=0.760722 test=2.39545 passing=1238
run=6 mode=fuse-cache workload=A clone=0.515887 install=0.688618 test=2.65759 passing=1238
run=6 mode=fuse-tuned workload=A clone=0.586026 install=0.582767 test=2.72481 passing=1238
run=6 mode=bindfs workload=A clone=0.756129 install=0.463654 test=2.64412 passing=1238
run=6 mode=native workload=B status=0.00562024 readall=0.060982 test=2.36866 passing=1238
run=6 mode=bwrap workload=B status=0.00590086 readall=0.0916517 test=1.86518 passing=1238
run=6 mode=fuse workload=B status=0.027715 readall=1.75243 test=2.91312 passing=1238
run=6 mode=fuse-cache workload=B status=0.0522788 readall=1.72888 test=2.11702 passing=1238
run=6 mode=fuse-tuned workload=B status=0.0401525 readall=1.95002 test=2.9422 passing=1238
run=6 mode=bindfs workload=B status=0.0305686 readall=1.38213 test=2.45835 passing=1238
run=7 mode=bwrap workload=A clone=0.450068 install=0.123165 test=1.79683 passing=1238
run=7 mode=fuse workload=A clone=0.531563 install=0.732455 test=2.52064 passing=1238
run=7 mode=fuse-cache workload=A clone=0.501873 install=0.724639 test=3.35003 passing=1238
run=7 mode=fuse-tuned workload=A clone=0.547758 install=0.583099 test=2.4907 passing=1238
run=7 mode=bindfs workload=A clone=0.772247 install=0.587568 test=2.26082 passing=1238
run=7 mode=native workload=A clone=0.555789 install=0.105374 test=2.18545 passing=1238
run=7 mode=bwrap workload=B status=0.00608802 readall=0.0914795 test=2.59774 passing=1238
run=7 mode=fuse workload=B status=0.0256627 readall=1.75477 test=2.73611 passing=1238
run=7 mode=fuse-cache workload=B status=0.0215442 readall=1.85018 test=2.30813 passing=1238
run=7 mode=fuse-tuned workload=B status=0.0415642 readall=1.86686 test=2.69451 passing=1238
run=7 mode=bindfs workload=B status=0.0318735 readall=1.40208 test=2.42399 passing=1238
run=7 mode=native workload=B status=0.00554705 readall=0.0637357 test=2.29996 passing=1238
